Information: Propagating switching activity (high effort zero delay simulation). (PWR-6)
Warning: Design has unannotated primary inputs. (PWR-414)
Warning: Design has unannotated sequential cell outputs. (PWR-415)
 
****************************************
Report : power
        -analysis_effort high
Design : CPU_8bit_top
Version: V-2023.12-SP5
Date   : Mon Mar 24 16:58:44 2025
****************************************


Library(s) Used:

    asap7sc7p5t_INVBUF_RVT_TT_nldm_211120 (File: /filespace/i/imoondra/MS3/NLDM/asap7sc7p5t_INVBUF_RVT_TT_nldm_211120.db)
    asap7sc7p5t_SIMPLE_RVT_TT_nldm_211120 (File: /filespace/i/imoondra/MS3/NLDM/asap7sc7p5t_SIMPLE_RVT_TT_nldm_211120.db)
    asap7sc7p5t_OA_RVT_TT_nldm_211120 (File: /filespace/i/imoondra/MS3/NLDM/asap7sc7p5t_OA_RVT_TT_nldm_211120.db)
    asap7sc7p5t_AO_RVT_TT_nldm_211120 (File: /filespace/i/imoondra/MS3/NLDM/asap7sc7p5t_AO_RVT_TT_nldm_211120.db)
    asap7sc7p5t_SEQ_RVT_TT_nldm_220123 (File: /filespace/i/imoondra/MS3/NLDM/asap7sc7p5t_SEQ_RVT_TT_nldm_220123.db)


Operating Conditions: PVT_0P7V_25C   Library: asap7sc7p5t_AO_RVT_TT_nldm_211120
Wire Load Model Mode: segmented

Design        Wire Load Model            Library
------------------------------------------------


Global Operating Voltage = 0.7  
Power-specific unit information :
    Voltage Units = 1V
    Capacitance Units = 1.000000ff
    Time Units = 1ps
    Dynamic Power Units = 1mW    (derived from V,C,T units)
    Leakage Power Units = 1pW


Attributes
----------
i - Including register clock pin internal power


  Cell Internal Power  = 376.2170 uW   (85%)
  Net Switching Power  =  67.2736 uW   (15%)
                         ---------
Total Dynamic Power    = 443.4906 uW  (100%)

Cell Leakage Power     = 102.7367 nW


                 Internal         Switching           Leakage            Total
Power Group      Power            Power               Power              Power   (   %    )  Attrs
--------------------------------------------------------------------------------------------------
io_pad             0.0000            0.0000            0.0000            0.0000  (   0.00%)
memory             0.0000            0.0000            0.0000            0.0000  (   0.00%)
black_box          0.0000            0.0000            0.0000            0.0000  (   0.00%)
clock_network      0.3222            0.0000            0.0000            0.3222  (  72.64%)  i
register       1.5743e-02        4.3027e-03        2.1012e+04        2.0067e-02  (   4.52%)
sequential         0.0000            0.0000            0.0000            0.0000  (   0.00%)
combinational  3.8247e-02        6.2971e-02        8.1722e+04            0.1013  (  22.84%)
--------------------------------------------------------------------------------------------------
Total              0.3762 mW     6.7274e-02 mW     1.0273e+05 pW         0.4436 mW
1
