Information: Updating design information... (UID-85)
Information: Propagating switching activity (low effort zero delay simulation). (PWR-6)
Warning: Design has unannotated primary inputs. (PWR-414)
Warning: Design has unannotated sequential cell outputs. (PWR-415)
 
****************************************
Report : power
        -analysis_effort low
Design : CPU_8bit_top
Version: V-2023.12-SP5
Date   : Fri Dec 27 18:16:18 2024
****************************************


Library(s) Used:

    tcbn40lpbwp12ttc (File: /cae/apps/data/tsmclibs-2013/digital/Front_End/timing_power_noise/NLDM/tcbn40lpbwp12t_110b/tcbn40lpbwp12ttc.db)


Operating Conditions: NCCOM   Library: tcbn40lpbwp12ttc
Wire Load Model Mode: segmented

Design        Wire Load Model            Library
------------------------------------------------
CPU_8bit_top           TSMC32K_Lowk_Conservative
                                         tcbn40lpbwp12ttc


Global Operating Voltage = 1.1  
Power-specific unit information :
    Voltage Units = 1V
    Capacitance Units = 1.000000pf
    Time Units = 1ns
    Dynamic Power Units = 1mW    (derived from V,C,T units)
    Leakage Power Units = 1nW


Attributes
----------
i - Including register clock pin internal power


  Cell Internal Power  =   1.4618 mW   (70%)
  Net Switching Power  = 616.2094 uW   (30%)
                         ---------
Total Dynamic Power    =   2.0781 mW  (100%)

Cell Leakage Power     = 870.5739 nW


                 Internal         Switching           Leakage            Total
Power Group      Power            Power               Power              Power   (   %    )  Attrs
--------------------------------------------------------------------------------------------------
io_pad             0.0000            0.0000            0.0000            0.0000  (   0.00%)
memory             0.0000            0.0000            0.0000            0.0000  (   0.00%)
black_box          0.0000            0.0000            0.0000            0.0000  (   0.00%)
clock_network      0.8329            0.0000            0.0000            0.8329  (  40.06%)  i
register       3.7282e-02        1.3289e-02           68.5170        5.0640e-02  (   2.44%)
sequential         0.0000            0.0000            0.0000            0.0000  (   0.00%)
combinational      0.5917            0.6029          802.0569            1.1954  (  57.50%)
--------------------------------------------------------------------------------------------------
Total              1.4618 mW         0.6162 mW       870.5739 nW         2.0789 mW
1
